###############################################################################
#
# IAR ELF Linker V7.70.1.11437/W32 for ARM                05/Aug/2021  22:24:30
# Copyright 2007-2016 IAR Systems AB.
#
#    Output file  =  
#        H:\Embedded_Abdelrahman_Magdy\01_ARM\06_Mina\TIVA_C-TM4C123GXL-\01_MCAL\00_Timer\02_GPT_INPUT_CAPTURE\Debug\Exe\GPT.out
#    Map file     =  
#        H:\Embedded_Abdelrahman_Magdy\01_ARM\06_Mina\TIVA_C-TM4C123GXL-\01_MCAL\00_Timer\02_GPT_INPUT_CAPTURE\Debug\List\GPT.map
#    Command line =  
#        H:\Embedded_Abdelrahman_Magdy\01_ARM\06_Mina\TIVA_C-TM4C123GXL-\01_MCAL\00_Timer\02_GPT_INPUT_CAPTURE\Debug\Obj\cstartup_M.o
#        H:\Embedded_Abdelrahman_Magdy\01_ARM\06_Mina\TIVA_C-TM4C123GXL-\01_MCAL\00_Timer\02_GPT_INPUT_CAPTURE\Debug\Obj\main.o
#        -o
#        H:\Embedded_Abdelrahman_Magdy\01_ARM\06_Mina\TIVA_C-TM4C123GXL-\01_MCAL\00_Timer\02_GPT_INPUT_CAPTURE\Debug\Exe\GPT.out
#        --redirect _Printf=_PrintfFull --redirect _Scanf=_ScanfFull --map
#        H:\Embedded_Abdelrahman_Magdy\01_ARM\06_Mina\TIVA_C-TM4C123GXL-\01_MCAL\00_Timer\02_GPT_INPUT_CAPTURE\Debug\List\GPT.map
#        --config "C:\Program Files (x86)\IAR Systems\Embedded Workbench
#        7.5\arm\config\linker\TexasInstruments\TM4C123GH6.icf" --semihosting
#        --entry __iar_program_start --vfe
#
###############################################################################

*******************************************************************************
*** MESSAGES
***

Error[Li005]: no definition for "mina" [referenced from H:\Embedded_Abdelrahman
          _Magdy\01_ARM\06_Mina\TIVA_C-TM4C123GXL-\01_MCAL\00_Timer\02_GPT_INPU
          T_CAPTURE\Debug\Obj\cstartup_M.o]


*******************************************************************************
*** RUNTIME MODEL ATTRIBUTES
***

CppFlavor       = *
__SystemLibrary = DLib


*******************************************************************************
*** PLACEMENT SUMMARY
***

"A0":  place at 0x00000000 { ro section .intvec };
"P1":  place in [from 0x00000000 to 0x0003ffff] { ro };
"P2":  place in [from 0x20000000 to 0x20007fff] { rw, block CSTACK, block HEAP };

  Section   Kind        Address    Size  Object
  -------   ----        -------    ----  ------
"A0":                              0x90
  .intvec   const    0x00000000    0x90  cstartup_M.o [1]
                   - 0x00000090    0x90

"P1":                             0x184
  .text     ro code  0x00000090   0x100  main.o [1]
  .text     ro code  0x00000190    0x22  fpinit_M.o [4]
  .text     ro code  0x000001b2     0x2  cstartup_M.o [1]
  .text     ro code  0x000001b4    0x1a  cmain.o [5]
  .text     ro code  0x000001ce     0x4  low_level_init.o [3]
  .text     ro code  0x000001d2     0x4  exit.o [3]
  .text     ro code  0x000001d6     0x2  cstartup_M.o [1]
  .text     ro code  0x000001d8     0xa  cexit.o [5]
  .text     ro code  0x000001e2     0x2  cstartup_M.o [1]
  .text     ro code  0x000001e4    0x14  exit.o [6]
  .text     ro code  0x000001f8    0x10  cstartup_M.o [1]
  .text     ro code  0x00000208     0x2  cstartup_M.o [1]
  .text     ro code  0x0000020a     0x2  cstartup_M.o [1]
  .text     ro code  0x0000020c     0x2  cstartup_M.o [1]
  .text     ro code  0x0000020e     0x2  cstartup_M.o [1]
  .text     ro code  0x00000210     0x2  cstartup_M.o [1]
  .text     ro code  0x00000212     0x2  cstartup_M.o [1]
                   - 0x00000214   0x184

"P2":                            0x1000
  CSTACK             0x20000000  0x1000  <Block>
    CSTACK  uninit   0x20000000  0x1000  <Block tail>
                   - 0x20001000  0x1000



*******************************************************************************
*** MODULE SUMMARY
***

    Module            ro code  ro data  rw data
    ------            -------  -------  -------
H:\Embedded_Abdelrahman_Magdy\01_ARM\06_Mina\TIVA_C-TM4C123GXL-\01_MCAL\00_Timer\02_GPT_INPUT_CAPTURE\Debug\Obj: [1]
    cstartup_M.o           34      144
    main.o                256
    -------------------------------------------
    Total:                290      144

command line: [2]
    -------------------------------------------
    Total:

dl7M_tln.a: [3]
    exit.o                  4
    low_level_init.o        4
    -------------------------------------------
    Total:                  8

m7M_tls.a: [4]
    fpinit_M.o             34
    -------------------------------------------
    Total:                 34

rt7M_tl.a: [5]
    cexit.o                10
    cmain.o                26
    -------------------------------------------
    Total:                 36

shb_l.a: [6]
    exit.o                 20
    -------------------------------------------
    Total:                 20

    Linker created                        4 096
-----------------------------------------------
    Grand Total:          388      144    4 096


*******************************************************************************
*** ENTRY LIST
***

Entry                    Address   Size  Type      Object
-----                    -------   ----  ----      ------
?main                 0x000001b5         Code  Gb  cmain.o [5]
BusFault_Handler      0x00000209    0x2  Code  Wk  cstartup_M.o [1]
CSTACK$$Base          0x20000000          --   Gb  - Linker created -
CSTACK$$Limit         0x20001000          --   Gb  - Linker created -
DebugMon_Handler      0x0000020f    0x2  Code  Wk  cstartup_M.o [1]
HardFault_Handler     0x000001d7    0x2  Code  Wk  cstartup_M.o [1]
MemManage_Handler     0x000001e3    0x2  Code  Wk  cstartup_M.o [1]
NMI_Handler           0x000001b3    0x2  Code  Wk  cstartup_M.o [1]
PendSV_Handler        0x00000211    0x2  Code  Wk  cstartup_M.o [1]
Region$$Table$$Base   0x00000000          --   Gb  - Linker created -
Region$$Table$$Limit  0x00000000          --   Gb  - Linker created -
SVC_Handler           0x0000020d    0x2  Code  Wk  cstartup_M.o [1]
SysTick_Handler       0x00000213    0x2  Code  Wk  cstartup_M.o [1]
UsageFault_Handler    0x0000020b    0x2  Code  Wk  cstartup_M.o [1]
__cmain               0x000001b5         Code  Gb  cmain.o [5]
__exit                0x000001e5   0x14  Code  Gb  exit.o [6]
__iar_init_vfp        0x00000191         Code  Gb  fpinit_M.o [4]
__iar_program_start   0x000001f9   0x10  Code  Gb  cstartup_M.o [1]
__low_level_init      0x000001cf    0x4  Code  Gb  low_level_init.o [3]
__vector_table        0x00000000   0x90  Data  Gb  cstartup_M.o [1]
_call_main            0x000001c1         Code  Gb  cmain.o [5]
_exit                 0x000001d9         Code  Gb  cexit.o [5]
_main                 0x000001cb         Code  Gb  cmain.o [5]
exit                  0x000001d3    0x4  Code  Gb  exit.o [3]
main                  0x00000091  0x100  Code  Gb  main.o [1]


[1] = H:\Embedded_Abdelrahman_Magdy\01_ARM\06_Mina\TIVA_C-TM4C123GXL-\01_MCAL\00_Timer\02_GPT_INPUT_CAPTURE\Debug\Obj
[2] = command line
[3] = dl7M_tln.a
[4] = m7M_tls.a
[5] = rt7M_tl.a
[6] = shb_l.a

    388 bytes of readonly  code memory
    144 bytes of readonly  data memory
  4 096 bytes of readwrite data memory

Errors: 1
Warnings: none
