###############################################################################
#
# IAR ELF Linker V7.70.1.11437/W32 for ARM                20/Aug/2021  19:49:38
# Copyright 2007-2016 IAR Systems AB.
#
#    Output file  =  
#        H:\Embedded_Abdelrahman_Magdy\01_ARM\06_Mina\TIVA_C-TM4C123GXL-\01_MCAL\01_ADC\Debug\Exe\ADC.out
#    Map file     =  
#        H:\Embedded_Abdelrahman_Magdy\01_ARM\06_Mina\TIVA_C-TM4C123GXL-\01_MCAL\01_ADC\Debug\List\ADC.map
#    Command line =  
#        H:\Embedded_Abdelrahman_Magdy\01_ARM\06_Mina\TIVA_C-TM4C123GXL-\01_MCAL\01_ADC\Debug\Obj\main.o
#        -o
#        H:\Embedded_Abdelrahman_Magdy\01_ARM\06_Mina\TIVA_C-TM4C123GXL-\01_MCAL\01_ADC\Debug\Exe\ADC.out
#        --redirect _Printf=_PrintfFull --redirect _Scanf=_ScanfFull --map
#        H:\Embedded_Abdelrahman_Magdy\01_ARM\06_Mina\TIVA_C-TM4C123GXL-\01_MCAL\01_ADC\Debug\List\ADC.map
#        --config "C:\Program Files (x86)\IAR Systems\Embedded Workbench
#        7.5\arm\config\linker\TexasInstruments\TM4C123GH6.icf" --semihosting
#        --entry __iar_program_start --vfe
#
###############################################################################

*******************************************************************************
*** RUNTIME MODEL ATTRIBUTES
***

CppFlavor       = *
__SystemLibrary = DLib


*******************************************************************************
*** PLACEMENT SUMMARY
***

"A0":  place at 0x00000000 { ro section .intvec };
"P1":  place in [from 0x00000000 to 0x0003ffff] { ro };
"P2":  place in [from 0x20000000 to 0x20007fff] { rw, block CSTACK, block HEAP };

  Section   Kind        Address    Size  Object
  -------   ----        -------    ----  ------
"A0":                              0x40
  .intvec   ro code  0x00000000    0x40  vector_table_M.o [5]
                   - 0x00000040    0x40

"P1":                             0x184
  .text     ro code  0x00000040   0x110  main.o [1]
  .text     ro code  0x00000150    0x22  fpinit_M.o [4]
  .text     ro code  0x00000172     0x2  vector_table_M.o [5]
  .text     ro code  0x00000174    0x1a  cmain.o [5]
  .text     ro code  0x0000018e     0x4  low_level_init.o [3]
  .text     ro code  0x00000192     0x4  exit.o [3]
  .text     ro code  0x00000198     0xa  cexit.o [5]
  .text     ro code  0x000001a4    0x14  exit.o [6]
  .text     ro code  0x000001b8     0xc  cstartup_M.o [5]
                   - 0x000001c4   0x184

"P2":                            0x1000
  CSTACK             0x20000000  0x1000  <Block>
    CSTACK  uninit   0x20000000  0x1000  <Block tail>
                   - 0x20001000  0x1000



*******************************************************************************
*** MODULE SUMMARY
***

    Module            ro code  rw data
    ------            -------  -------
H:\Embedded_Abdelrahman_Magdy\01_ARM\06_Mina\TIVA_C-TM4C123GXL-\01_MCAL\01_ADC\Debug\Obj: [1]
    main.o                272
    ----------------------------------
    Total:                272

command line: [2]
    ----------------------------------
    Total:

dl7M_tln.a: [3]
    exit.o                  4
    low_level_init.o        4
    ----------------------------------
    Total:                  8

m7M_tls.a: [4]
    fpinit_M.o             34
    ----------------------------------
    Total:                 34

rt7M_tl.a: [5]
    cexit.o                10
    cmain.o                26
    cstartup_M.o           12
    vector_table_M.o       66
    ----------------------------------
    Total:                114

shb_l.a: [6]
    exit.o                 20
    ----------------------------------
    Total:                 20

    Gaps                    4
    Linker created               4 096
--------------------------------------
    Grand Total:          452    4 096


*******************************************************************************
*** ENTRY LIST
***

Entry                    Address  Size  Type      Object
-----                    -------  ----  ----      ------
?main                 0x00000175        Code  Gb  cmain.o [5]
CSTACK$$Base          0x20000000         --   Gb  - Linker created -
CSTACK$$Limit         0x20001000         --   Gb  - Linker created -
MADC0_voidConvig      0x000000f1  0x1e  Code  Gb  main.o [1]
MADC0_voidInit        0x000000b3  0x3e  Code  Gb  main.o [1]
Region$$Table$$Base   0x00000000         --   Gb  - Linker created -
Region$$Table$$Limit  0x00000000         --   Gb  - Linker created -
__cmain               0x00000175        Code  Gb  cmain.o [5]
__exit                0x000001a5  0x14  Code  Gb  exit.o [6]
__iar_init_vfp        0x00000151        Code  Gb  fpinit_M.o [4]
__iar_program_start   0x000001b9        Code  Gb  cstartup_M.o [5]
__low_level_init      0x0000018f   0x4  Code  Gb  low_level_init.o [3]
__vector_table        0x00000000        Data  Gb  vector_table_M.o [5]
_call_main            0x00000181        Code  Gb  cmain.o [5]
_exit                 0x00000199        Code  Gb  cexit.o [5]
_main                 0x0000018b        Code  Gb  cmain.o [5]
exit                  0x00000193   0x4  Code  Gb  exit.o [3]
main                  0x00000041  0x72  Code  Gb  main.o [1]


[1] = H:\Embedded_Abdelrahman_Magdy\01_ARM\06_Mina\TIVA_C-TM4C123GXL-\01_MCAL\01_ADC\Debug\Obj
[2] = command line
[3] = dl7M_tln.a
[4] = m7M_tls.a
[5] = rt7M_tl.a
[6] = shb_l.a

    452 bytes of readonly  code memory
  4 096 bytes of readwrite data memory

Errors: none
Warnings: none
