###############################################################################
#
# IAR ELF Linker V7.70.1.11437/W32 for ARM                06/Aug/2021  22:37:32
# Copyright 2007-2016 IAR Systems AB.
#
#    Output file  =  
#        H:\Embedded_Abdelrahman_Magdy\01_ARM\06_Mina\TIVA_C-TM4C123GXL-\01_MCAL\00_Timer\Timer_Driver\Debug\Exe\GPT_Driver.out
#    Map file     =  
#        H:\Embedded_Abdelrahman_Magdy\01_ARM\06_Mina\TIVA_C-TM4C123GXL-\01_MCAL\00_Timer\Timer_Driver\Debug\List\GPT_Driver.map
#    Command line =  
#        H:\Embedded_Abdelrahman_Magdy\01_ARM\06_Mina\TIVA_C-TM4C123GXL-\01_MCAL\00_Timer\Timer_Driver\Debug\Obj\cstartup_M.o
#        H:\Embedded_Abdelrahman_Magdy\01_ARM\06_Mina\TIVA_C-TM4C123GXL-\01_MCAL\00_Timer\Timer_Driver\Debug\Obj\GPT_programme.o
#        H:\Embedded_Abdelrahman_Magdy\01_ARM\06_Mina\TIVA_C-TM4C123GXL-\01_MCAL\00_Timer\Timer_Driver\Debug\Obj\main.o
#        -o
#        H:\Embedded_Abdelrahman_Magdy\01_ARM\06_Mina\TIVA_C-TM4C123GXL-\01_MCAL\00_Timer\Timer_Driver\Debug\Exe\GPT_Driver.out
#        --redirect _Printf=_PrintfFull --redirect _Scanf=_ScanfFull --map
#        H:\Embedded_Abdelrahman_Magdy\01_ARM\06_Mina\TIVA_C-TM4C123GXL-\01_MCAL\00_Timer\Timer_Driver\Debug\List\GPT_Driver.map
#        --config "C:\Program Files (x86)\IAR Systems\Embedded Workbench
#        7.5\arm\config\linker\TexasInstruments\TM4C123GH6.icf" --semihosting
#        --entry __iar_program_start --vfe
#
###############################################################################

*******************************************************************************
*** RUNTIME MODEL ATTRIBUTES
***

CppFlavor       = *
__SystemLibrary = DLib


*******************************************************************************
*** PLACEMENT SUMMARY
***

"A0":  place at 0x00000000 { ro section .intvec };
"P1":  place in [from 0x00000000 to 0x0003ffff] { ro };
"P2":  place in [from 0x20000000 to 0x20007fff] { rw, block CSTACK, block HEAP };

  Section   Kind        Address    Size  Object
  -------   ----        -------    ----  ------
"A0":                              0x8c
  .intvec   const    0x00000000    0x8c  cstartup_M.o [1]
                   - 0x0000008c    0x8c

"P1":                              0x88
  .text     ro code  0x0000008c    0x22  fpinit_M.o [4]
  .text     ro code  0x000000ae     0x2  cstartup_M.o [1]
  .text     ro code  0x000000b0    0x1a  cmain.o [5]
  .text     ro code  0x000000ca     0x4  low_level_init.o [3]
  .text     ro code  0x000000ce     0x4  main.o [1]
  .text     ro code  0x000000d2     0x4  exit.o [3]
  .text     ro code  0x000000d6     0x2  cstartup_M.o [1]
  .text     ro code  0x000000d8     0xa  cexit.o [5]
  .text     ro code  0x000000e2     0x2  cstartup_M.o [1]
  .text     ro code  0x000000e4    0x14  exit.o [6]
  .text     ro code  0x000000f8    0x10  cstartup_M.o [1]
  .text     ro code  0x00000108     0x2  cstartup_M.o [1]
  .text     ro code  0x0000010a     0x2  cstartup_M.o [1]
  .text     ro code  0x0000010c     0x2  cstartup_M.o [1]
  .text     ro code  0x0000010e     0x2  cstartup_M.o [1]
  .text     ro code  0x00000110     0x2  cstartup_M.o [1]
  .text     ro code  0x00000112     0x2  cstartup_M.o [1]
                   - 0x00000114    0x88

"P2":                            0x1000
  CSTACK             0x20000000  0x1000  <Block>
    CSTACK  uninit   0x20000000  0x1000  <Block tail>
                   - 0x20001000  0x1000



*******************************************************************************
*** MODULE SUMMARY
***

    Module            ro code  ro data  rw data
    ------            -------  -------  -------
H:\Embedded_Abdelrahman_Magdy\01_ARM\06_Mina\TIVA_C-TM4C123GXL-\01_MCAL\00_Timer\Timer_Driver\Debug\Obj: [1]
    cstartup_M.o           34      140
    main.o                  4
    -------------------------------------------
    Total:                 38      140

command line: [2]
    -------------------------------------------
    Total:

dl7M_tln.a: [3]
    exit.o                  4
    low_level_init.o        4
    -------------------------------------------
    Total:                  8

m7M_tls.a: [4]
    fpinit_M.o             34
    -------------------------------------------
    Total:                 34

rt7M_tl.a: [5]
    cexit.o                10
    cmain.o                26
    -------------------------------------------
    Total:                 36

shb_l.a: [6]
    exit.o                 20
    -------------------------------------------
    Total:                 20

    Linker created                        4 096
-----------------------------------------------
    Grand Total:          136      140    4 096


*******************************************************************************
*** ENTRY LIST
***

Entry                    Address  Size  Type      Object
-----                    -------  ----  ----      ------
?main                 0x000000b1        Code  Gb  cmain.o [5]
BusFault_Handler      0x00000109   0x2  Code  Wk  cstartup_M.o [1]
CSTACK$$Base          0x20000000         --   Gb  - Linker created -
CSTACK$$Limit         0x20001000         --   Gb  - Linker created -
DebugMon_Handler      0x0000010f   0x2  Code  Wk  cstartup_M.o [1]
HardFault_Handler     0x000000d7   0x2  Code  Wk  cstartup_M.o [1]
MemManage_Handler     0x000000e3   0x2  Code  Wk  cstartup_M.o [1]
NMI_Handler           0x000000af   0x2  Code  Wk  cstartup_M.o [1]
PendSV_Handler        0x00000111   0x2  Code  Wk  cstartup_M.o [1]
Region$$Table$$Base   0x00000000         --   Gb  - Linker created -
Region$$Table$$Limit  0x00000000         --   Gb  - Linker created -
SVC_Handler           0x0000010d   0x2  Code  Wk  cstartup_M.o [1]
SysTick_Handler       0x00000113   0x2  Code  Wk  cstartup_M.o [1]
UsageFault_Handler    0x0000010b   0x2  Code  Wk  cstartup_M.o [1]
__cmain               0x000000b1        Code  Gb  cmain.o [5]
__exit                0x000000e5  0x14  Code  Gb  exit.o [6]
__iar_init_vfp        0x0000008d        Code  Gb  fpinit_M.o [4]
__iar_program_start   0x000000f9  0x10  Code  Gb  cstartup_M.o [1]
__low_level_init      0x000000cb   0x4  Code  Gb  low_level_init.o [3]
__vector_table        0x00000000  0x8c  Data  Gb  cstartup_M.o [1]
_call_main            0x000000bd        Code  Gb  cmain.o [5]
_exit                 0x000000d9        Code  Gb  cexit.o [5]
_main                 0x000000c7        Code  Gb  cmain.o [5]
exit                  0x000000d3   0x4  Code  Gb  exit.o [3]
main                  0x000000cf   0x4  Code  Gb  main.o [1]


[1] = H:\Embedded_Abdelrahman_Magdy\01_ARM\06_Mina\TIVA_C-TM4C123GXL-\01_MCAL\00_Timer\Timer_Driver\Debug\Obj
[2] = command line
[3] = dl7M_tln.a
[4] = m7M_tls.a
[5] = rt7M_tl.a
[6] = shb_l.a

    136 bytes of readonly  code memory
    140 bytes of readonly  data memory
  4 096 bytes of readwrite data memory

Errors: none
Warnings: none
