###############################################################################
#
# IAR ELF Linker V7.70.1.11437/W32 for ARM                12/Sep/2021  15:30:43
# Copyright 2007-2016 IAR Systems AB.
#
#    Output file  =  
#        H:\Embedded_Abdelrahman_Magdy\01_ARM\06_Mina\TIVA_C-TM4C123GXL-\01_MCAL\04_UART\Debug\Exe\UART.out
#    Map file     =  
#        H:\Embedded_Abdelrahman_Magdy\01_ARM\06_Mina\TIVA_C-TM4C123GXL-\01_MCAL\04_UART\Debug\List\UART.map
#    Command line =  
#        H:\Embedded_Abdelrahman_Magdy\01_ARM\06_Mina\TIVA_C-TM4C123GXL-\01_MCAL\04_UART\Debug\Obj\main.o
#        H:\Embedded_Abdelrahman_Magdy\01_ARM\06_Mina\TIVA_C-TM4C123GXL-\01_MCAL\04_UART\Debug\Obj\UART_programe.o
#        -o
#        H:\Embedded_Abdelrahman_Magdy\01_ARM\06_Mina\TIVA_C-TM4C123GXL-\01_MCAL\04_UART\Debug\Exe\UART.out
#        --redirect _Printf=_PrintfFull --redirect _Scanf=_ScanfFull --map
#        H:\Embedded_Abdelrahman_Magdy\01_ARM\06_Mina\TIVA_C-TM4C123GXL-\01_MCAL\04_UART\Debug\List\UART.map
#        --config "C:\Program Files (x86)\IAR Systems\Embedded Workbench
#        7.5\arm\config\linker\TexasInstruments\TM4C123GH6.icf" --semihosting
#        --entry __iar_program_start --vfe
#
###############################################################################

*******************************************************************************
*** RUNTIME MODEL ATTRIBUTES
***

CppFlavor       = *
__SystemLibrary = DLib


*******************************************************************************
*** PLACEMENT SUMMARY
***

"A0":  place at 0x00000000 { ro section .intvec };
"P1":  place in [from 0x00000000 to 0x0003ffff] { ro };
"P2":  place in [from 0x20000000 to 0x20007fff] { rw, block CSTACK, block HEAP };

  Section   Kind        Address    Size  Object
  -------   ----        -------    ----  ------
"A0":                              0x40
  .intvec   ro code  0x00000000    0x40  vector_table_M.o [5]
                   - 0x00000040    0x40

"P1":                             0x67c
  .text     ro code  0x00000040   0x1a2  DblMul.o [4]
  .text     ro code  0x000001e2     0x2  vector_table_M.o [5]
  .text     ro code  0x000001e4   0x180  DblSub.o [4]
  .text     ro code  0x00000364    0xe8  DblAdd.o [4]
  .text     ro code  0x0000044c   0x12e  UART_programe.o [1]
  .text     ro code  0x0000057c    0x1c  I32ToDbl.o [4]
  .text     ro code  0x00000598    0x2c  DblToI32.o [4]
  .text     ro code  0x000005c4    0x84  main.o [1]
  .text     ro code  0x00000648    0x22  fpinit_M.o [4]
  .text     ro code  0x0000066c    0x1a  cmain.o [5]
  .text     ro code  0x00000686     0x4  low_level_init.o [3]
  .text     ro code  0x0000068a     0x4  exit.o [3]
  .text     ro code  0x00000690     0xa  cexit.o [5]
  .text     ro code  0x0000069c    0x14  exit.o [6]
  .text     ro code  0x000006b0     0xc  cstartup_M.o [5]
                   - 0x000006bc   0x67c

"P2":                            0x1000
  CSTACK             0x20000000  0x1000  <Block>
    CSTACK  uninit   0x20000000  0x1000  <Block tail>
                   - 0x20001000  0x1000



*******************************************************************************
*** MODULE SUMMARY
***

    Module            ro code  rw data
    ------            -------  -------
H:\Embedded_Abdelrahman_Magdy\01_ARM\06_Mina\TIVA_C-TM4C123GXL-\01_MCAL\04_UART\Debug\Obj: [1]
    UART_programe.o       302
    main.o                132
    ----------------------------------
    Total:                434

command line: [2]
    ----------------------------------
    Total:

dl7M_tln.a: [3]
    exit.o                  4
    low_level_init.o        4
    ----------------------------------
    Total:                  8

m7M_tls.a: [4]
    DblAdd.o              232
    DblMul.o              418
    DblSub.o              384
    DblToI32.o             44
    I32ToDbl.o             28
    fpinit_M.o             34
    ----------------------------------
    Total:              1 140

rt7M_tl.a: [5]
    cexit.o                10
    cmain.o                26
    cstartup_M.o           12
    vector_table_M.o       66
    ----------------------------------
    Total:                114

shb_l.a: [6]
    exit.o                 20
    ----------------------------------
    Total:                 20

    Gaps                    8
    Linker created               4 096
--------------------------------------
    Grand Total:        1 724    4 096


*******************************************************************************
*** ENTRY LIST
***

Entry                    Address  Size  Type      Object
-----                    -------  ----  ----      ------
?main                 0x0000066d        Code  Gb  cmain.o [5]
CSTACK$$Base          0x20000000         --   Gb  - Linker created -
CSTACK$$Limit         0x20001000         --   Gb  - Linker created -
MUART_SptrSelect      0x0000044d  0x42  Code  Gb  UART_programe.o [1]
MUART_vConfig         0x00000541  0x3a  Code  Gb  UART_programe.o [1]
MUART_vDisable        0x0000048f  0x12  Code  Gb  UART_programe.o [1]
MUART_vEnable         0x000004a1  0x12  Code  Gb  UART_programe.o [1]
MUART_vInit           0x000004b3  0x66  Code  Gb  UART_programe.o [1]
Region$$Table$$Base   0x00000000         --   Gb  - Linker created -
Region$$Table$$Limit  0x00000000         --   Gb  - Linker created -
__aeabi_d2uiz         0x00000599        Code  Gb  DblToI32.o [4]
__aeabi_dadd          0x00000365        Code  Gb  DblAdd.o [4]
__aeabi_dmul          0x00000041        Code  Gb  DblMul.o [4]
__aeabi_dsub          0x000001e5        Code  Gb  DblSub.o [4]
__aeabi_ui2d          0x0000057d        Code  Gb  I32ToDbl.o [4]
__cmain               0x0000066d        Code  Gb  cmain.o [5]
__exit                0x0000069d  0x14  Code  Gb  exit.o [6]
__iar_d2uiz           0x000005a5        Code  Gb  DblToI32.o [4]
__iar_dadd            0x00000379        Code  Gb  DblAdd.o [4]
__iar_dsub            0x000001f9        Code  Gb  DblSub.o [4]
__iar_dsubStart       0x0000020b        Code  Gb  DblSub.o [4]
__iar_init_vfp        0x00000649        Code  Gb  fpinit_M.o [4]
__iar_program_start   0x000006b1        Code  Gb  cstartup_M.o [5]
__iar_ui2d            0x00000581        Code  Gb  I32ToDbl.o [4]
__low_level_init      0x00000687   0x4  Code  Gb  low_level_init.o [3]
__vector_table        0x00000000        Data  Gb  vector_table_M.o [5]
_call_main            0x00000679        Code  Gb  cmain.o [5]
_exit                 0x00000691        Code  Gb  cexit.o [5]
_main                 0x00000683        Code  Gb  cmain.o [5]
exit                  0x0000068b   0x4  Code  Gb  exit.o [3]
main                  0x000005c5  0x84  Code  Gb  main.o [1]


[1] = H:\Embedded_Abdelrahman_Magdy\01_ARM\06_Mina\TIVA_C-TM4C123GXL-\01_MCAL\04_UART\Debug\Obj
[2] = command line
[3] = dl7M_tln.a
[4] = m7M_tls.a
[5] = rt7M_tl.a
[6] = shb_l.a

  1 724 bytes of readonly  code memory
  4 096 bytes of readwrite data memory

Errors: none
Warnings: none
