###############################################################################
#
# IAR ELF Linker V7.70.1.11437/W32 for ARM                27/Aug/2021  22:44:32
# Copyright 2007-2016 IAR Systems AB.
#
#    Output file  =  
#        H:\Embedded_Abdelrahman_Magdy\01_ARM\06_Mina\TIVA_C-TM4C123GXL-\02_HAL\00_LCD\Debug\Exe\LCD.out
#    Map file     =  
#        H:\Embedded_Abdelrahman_Magdy\01_ARM\06_Mina\TIVA_C-TM4C123GXL-\02_HAL\00_LCD\Debug\List\LCD.map
#    Command line =  
#        H:\Embedded_Abdelrahman_Magdy\01_ARM\06_Mina\TIVA_C-TM4C123GXL-\02_HAL\00_LCD\Debug\Obj\LCD_programe.o
#        H:\Embedded_Abdelrahman_Magdy\01_ARM\06_Mina\TIVA_C-TM4C123GXL-\02_HAL\00_LCD\Debug\Obj\main.o
#        -o
#        H:\Embedded_Abdelrahman_Magdy\01_ARM\06_Mina\TIVA_C-TM4C123GXL-\02_HAL\00_LCD\Debug\Exe\LCD.out
#        --redirect _Printf=_PrintfFull --redirect _Scanf=_ScanfFull --map
#        H:\Embedded_Abdelrahman_Magdy\01_ARM\06_Mina\TIVA_C-TM4C123GXL-\02_HAL\00_LCD\Debug\List\LCD.map
#        --config "C:\Program Files (x86)\IAR Systems\Embedded Workbench
#        7.5\arm\config\linker\TexasInstruments\TM4C123GH6.icf" --semihosting
#        --entry __iar_program_start --vfe
#
###############################################################################

*******************************************************************************
*** RUNTIME MODEL ATTRIBUTES
***

CppFlavor       = *
__SystemLibrary = DLib


*******************************************************************************
*** PLACEMENT SUMMARY
***

"A0":  place at 0x00000000 { ro section .intvec };
"P1":  place in [from 0x00000000 to 0x0003ffff] { ro };
"P2":  place in [from 0x20000000 to 0x20007fff] { rw, block CSTACK, block HEAP };

  Section   Kind        Address    Size  Object
  -------   ----        -------    ----  ------
"A0":                              0x40
  .intvec   ro code  0x00000000    0x40  vector_table_M.o [5]
                   - 0x00000040    0x40

"P1":                             0x1c4
  .text     ro code  0x00000040   0x120  LCD_programe.o [1]
  .text     ro code  0x00000160    0x30  main.o [1]
  .text     ro code  0x00000190    0x22  fpinit_M.o [4]
  .text     ro code  0x000001b2     0x2  vector_table_M.o [5]
  .text     ro code  0x000001b4    0x1a  cmain.o [5]
  .text     ro code  0x000001ce     0x4  low_level_init.o [3]
  .text     ro code  0x000001d2     0x4  exit.o [3]
  .text     ro code  0x000001d8     0xa  cexit.o [5]
  .text     ro code  0x000001e4    0x14  exit.o [6]
  .text     ro code  0x000001f8     0xc  cstartup_M.o [5]
                   - 0x00000204   0x1c4

"P2":                            0x1000
  CSTACK             0x20000000  0x1000  <Block>
    CSTACK  uninit   0x20000000  0x1000  <Block tail>
                   - 0x20001000  0x1000



*******************************************************************************
*** MODULE SUMMARY
***

    Module            ro code  rw data
    ------            -------  -------
H:\Embedded_Abdelrahman_Magdy\01_ARM\06_Mina\TIVA_C-TM4C123GXL-\02_HAL\00_LCD\Debug\Obj: [1]
    LCD_programe.o        288
    main.o                 48
    ----------------------------------
    Total:                336

command line: [2]
    ----------------------------------
    Total:

dl7M_tln.a: [3]
    exit.o                  4
    low_level_init.o        4
    ----------------------------------
    Total:                  8

m7M_tls.a: [4]
    fpinit_M.o             34
    ----------------------------------
    Total:                 34

rt7M_tl.a: [5]
    cexit.o                10
    cmain.o                26
    cstartup_M.o           12
    vector_table_M.o       66
    ----------------------------------
    Total:                114

shb_l.a: [6]
    exit.o                 20
    ----------------------------------
    Total:                 20

    Gaps                    4
    Linker created               4 096
--------------------------------------
    Grand Total:          516    4 096


*******************************************************************************
*** ENTRY LIST
***

Entry                    Address  Size  Type      Object
-----                    -------  ----  ----      ------
?main                 0x000001b5        Code  Gb  cmain.o [5]
CSTACK$$Base          0x20000000         --   Gb  - Linker created -
CSTACK$$Limit         0x20001000         --   Gb  - Linker created -
Delay                 0x00000041  0x1e  Code  Gb  LCD_programe.o [1]
LCD_voidInitPins      0x0000005f  0x9c  Code  Gb  LCD_programe.o [1]
LCD_voidSendCommand   0x000000fb  0x2a  Code  Gb  LCD_programe.o [1]
Region$$Table$$Base   0x00000000         --   Gb  - Linker created -
Region$$Table$$Limit  0x00000000         --   Gb  - Linker created -
__cmain               0x000001b5        Code  Gb  cmain.o [5]
__exit                0x000001e5  0x14  Code  Gb  exit.o [6]
__iar_init_vfp        0x00000191        Code  Gb  fpinit_M.o [4]
__iar_program_start   0x000001f9        Code  Gb  cstartup_M.o [5]
__low_level_init      0x000001cf   0x4  Code  Gb  low_level_init.o [3]
__vector_table        0x00000000        Data  Gb  vector_table_M.o [5]
_call_main            0x000001c1        Code  Gb  cmain.o [5]
_exit                 0x000001d9        Code  Gb  cexit.o [5]
_main                 0x000001cb        Code  Gb  cmain.o [5]
exit                  0x000001d3   0x4  Code  Gb  exit.o [3]
main                  0x00000161  0x30  Code  Gb  main.o [1]


[1] = H:\Embedded_Abdelrahman_Magdy\01_ARM\06_Mina\TIVA_C-TM4C123GXL-\02_HAL\00_LCD\Debug\Obj
[2] = command line
[3] = dl7M_tln.a
[4] = m7M_tls.a
[5] = rt7M_tl.a
[6] = shb_l.a

    516 bytes of readonly  code memory
  4 096 bytes of readwrite data memory

Errors: none
Warnings: none
