###############################################################################
#
# IAR ELF Linker V7.70.1.11437/W32 for ARM                20/Aug/2021  19:45:26
# Copyright 2007-2016 IAR Systems AB.
#
#    Output file  =  
#        H:\Embedded_Abdelrahman_Magdy\01_ARM\06_Mina\TIVA_C-TM4C123GXL-\01_MCAL\00_Timer\GPT\Debug\Exe\GPT.out
#    Map file     =  
#        H:\Embedded_Abdelrahman_Magdy\01_ARM\06_Mina\TIVA_C-TM4C123GXL-\01_MCAL\00_Timer\GPT\Debug\List\GPT.map
#    Command line =  
#        H:\Embedded_Abdelrahman_Magdy\01_ARM\06_Mina\TIVA_C-TM4C123GXL-\01_MCAL\00_Timer\GPT\Debug\Obj\cstartup_M.o
#        H:\Embedded_Abdelrahman_Magdy\01_ARM\06_Mina\TIVA_C-TM4C123GXL-\01_MCAL\00_Timer\GPT\Debug\Obj\main.o
#        -o
#        H:\Embedded_Abdelrahman_Magdy\01_ARM\06_Mina\TIVA_C-TM4C123GXL-\01_MCAL\00_Timer\GPT\Debug\Exe\GPT.out
#        --redirect _Printf=_PrintfFull --redirect _Scanf=_ScanfFull --map
#        H:\Embedded_Abdelrahman_Magdy\01_ARM\06_Mina\TIVA_C-TM4C123GXL-\01_MCAL\00_Timer\GPT\Debug\List\GPT.map
#        --config "C:\Program Files (x86)\IAR Systems\Embedded Workbench
#        7.5\arm\config\linker\TexasInstruments\TM4C123GH6.icf" --semihosting
#        --entry __iar_program_start --vfe
#
###############################################################################

*******************************************************************************
*** MESSAGES
***

Error[Li006]: duplicate definitions for "__iar_program_start"; in "H:\Embedded_
          Abdelrahman_Magdy\01_ARM\06_Mina\TIVA_C-TM4C123GXL-\01_MCAL\00_Timer\
          GPT\Debug\Obj\cstartup_M.o"
          , and "H:\Embedded_Abdelrahman_Magdy\01_ARM\06_Mina\TIVA_C-TM4C123GXL
          -\01_MCAL\00_Timer\GPT\Debug\Obj\main.o"
Error[Li006]: duplicate definitions for "__vector_table"; in "H:\Embedded_Abdel
          rahman_Magdy\01_ARM\06_Mina\TIVA_C-TM4C123GXL-\01_MCAL\00_Timer\GPT\D
          ebug\Obj\cstartup_M.o"
          , and "H:\Embedded_Abdelrahman_Magdy\01_ARM\06_Mina\TIVA_C-TM4C123GXL
          -\01_MCAL\00_Timer\GPT\Debug\Obj\main.o"


*******************************************************************************
*** RUNTIME MODEL ATTRIBUTES
***

CppFlavor       = *
__SystemLibrary = DLib


*******************************************************************************
*** PLACEMENT SUMMARY
***

"A0":  place at 0x00000000 { ro section .intvec };
"P1":  place in [from 0x00000000 to 0x0003ffff] { ro };
"P2":  place in [from 0x20000000 to 0x20007fff] { rw, block CSTACK, block HEAP };

  Section          Kind        Address    Size  Object
  -------          ----        -------    ----  ------
"A0":                                     0x88
  .intvec          const    0x00000000    0x88  cstartup_M.o [1]
                          - 0x00000088    0x88

"P1":                                    0x1e4
  .text            ro code  0x00000088    0xe4  main.o [1]
  .text            ro code  0x0000016c    0x40  zero_init3.o [5]
  .text            ro code  0x000001ac    0x28  data_init.o [5]
  .text            ro code  0x000001d4    0x22  fpinit_M.o [4]
  .iar.init_table  const    0x000001f8    0x10  - Linker created -
  .text            ro code  0x00000208     0x2  main.o [1]
  .text            ro code  0x0000020c    0x1a  cmain.o [5]
  .text            ro code  0x00000226     0x4  low_level_init.o [3]
  .text            ro code  0x0000022a     0x4  exit.o [3]
  .text            ro code  0x0000022e     0x2  main.o [1]
  .text            ro code  0x00000230     0xa  cexit.o [5]
  .text            ro code  0x0000023a     0x2  main.o [1]
  .text            ro code  0x0000023c    0x14  exit.o [6]
  .text            ro code  0x00000250    0x10  cstartup_M.o [1]
  .text            ro code  0x00000260     0x2  main.o [1]
  .text            ro code  0x00000262     0x2  main.o [1]
  .text            ro code  0x00000264     0x2  main.o [1]
  .text            ro code  0x00000266     0x2  main.o [1]
  .text            ro code  0x00000268     0x2  main.o [1]
  .text            ro code  0x0000026a     0x2  main.o [1]
  .rodata          const    0x0000026c     0x0  zero_init3.o [5]
                          - 0x0000026c   0x1e4

"P2", part 1 of 2:                         0x4
  .bss             zero     0x20000000     0x4  main.o [1]
                          - 0x20000004     0x4

"P2", part 2 of 2:                      0x1000
  CSTACK                    0x20000008  0x1000  <Block>
    CSTACK         uninit   0x20000008  0x1000  <Block tail>
                          - 0x20001008  0x1000


*******************************************************************************
*** INIT TABLE
***

          Address     Size
          -------     ----
Zero (__iar_zero_init3)
    1 destination range, total size 0x4:
          0x20000000   0x4



*******************************************************************************
*** MODULE SUMMARY
***

    Module            ro code  ro data  rw data
    ------            -------  -------  -------
H:\Embedded_Abdelrahman_Magdy\01_ARM\06_Mina\TIVA_C-TM4C123GXL-\01_MCAL\00_Timer\GPT\Debug\Obj: [1]
    cstartup_M.o           16      136
    main.o                246                 4
    -------------------------------------------
    Total:                262      136        4

command line: [2]
    -------------------------------------------
    Total:

dl7M_tln.a: [3]
    exit.o                  4
    low_level_init.o        4
    -------------------------------------------
    Total:                  8

m7M_tls.a: [4]
    fpinit_M.o             34
    -------------------------------------------
    Total:                 34

rt7M_tl.a: [5]
    cexit.o                10
    cmain.o                26
    data_init.o            40
    zero_init3.o           64
    -------------------------------------------
    Total:                140

shb_l.a: [6]
    exit.o                 20
    -------------------------------------------
    Total:                 20

    Gaps                    2        2
    Linker created                  16    4 096
-----------------------------------------------
    Grand Total:          466      154    4 100


*******************************************************************************
*** ENTRY LIST
***

Entry                      Address  Size  Type      Object
-----                      -------  ----  ----      ------
.iar.init_table$$Base   0x000001f8         --   Gb  - Linker created -
.iar.init_table$$Limit  0x00000208         --   Gb  - Linker created -
?main                   0x0000020d        Code  Gb  cmain.o [5]
BusFault_Handler        0x00000261   0x2  Code  Wk  main.o [1]
CSTACK$$Base            0x20000008         --   Gb  - Linker created -
CSTACK$$Limit           0x20001008         --   Gb  - Linker created -
DebugMon_Handler        0x00000267   0x2  Code  Wk  main.o [1]
Global_FlagOT           0x20000000   0x4  Data  Gb  main.o [1]
HardFault_Handler       0x0000022f   0x2  Code  Wk  main.o [1]
MemManage_Handler       0x0000023b   0x2  Code  Wk  main.o [1]
NMI_Handler             0x00000209   0x2  Code  Wk  main.o [1]
PendSV_Handler          0x00000269   0x2  Code  Wk  main.o [1]
Region$$Table$$Base     0x000001f8         --   Gb  - Linker created -
Region$$Table$$Limit    0x00000208         --   Gb  - Linker created -
SVC_Handler             0x00000265   0x2  Code  Wk  main.o [1]
SysTick_Handler         0x0000026b   0x2  Code  Wk  main.o [1]
UsageFault_Handler      0x00000263   0x2  Code  Wk  main.o [1]
__cmain                 0x0000020d        Code  Gb  cmain.o [5]
__exit                  0x0000023d  0x14  Code  Gb  exit.o [6]
__iar_data_init3        0x000001ad  0x28  Code  Gb  data_init.o [5]
__iar_init_vfp          0x000001d5        Code  Gb  fpinit_M.o [4]
__iar_program_start     0x00000251  0x10  Code  Gb  cstartup_M.o [1]
__iar_zero_init3        0x0000016d  0x40  Code  Gb  zero_init3.o [5]
__low_level_init        0x00000227   0x4  Code  Gb  low_level_init.o [3]
__vector_table          0x00000000  0x88  Data  Gb  cstartup_M.o [1]
_call_main              0x00000219        Code  Gb  cmain.o [5]
_exit                   0x00000231        Code  Gb  cexit.o [5]
_main                   0x00000223        Code  Gb  cmain.o [5]
exit                    0x0000022b   0x4  Code  Gb  exit.o [3]
main                    0x00000089  0xae  Code  Gb  main.o [1]


[1] = H:\Embedded_Abdelrahman_Magdy\01_ARM\06_Mina\TIVA_C-TM4C123GXL-\01_MCAL\00_Timer\GPT\Debug\Obj
[2] = command line
[3] = dl7M_tln.a
[4] = m7M_tls.a
[5] = rt7M_tl.a
[6] = shb_l.a

    466 bytes of readonly  code memory
    154 bytes of readonly  data memory
  4 100 bytes of readwrite data memory

Errors: 2
Warnings: none
