###############################################################################
#
# IAR ELF Linker V7.70.1.11437/W32 for ARM                03/Sep/2021  05:29:54
# Copyright 2007-2016 IAR Systems AB.
#
#    Output file  =  
#        H:\Embedded_Abdelrahman_Magdy\01_ARM\06_Mina\TIVA_C-TM4C123GXL-\01_MCAL\01_GPIO\Debug\Exe\GPIO.out
#    Map file     =  
#        H:\Embedded_Abdelrahman_Magdy\01_ARM\06_Mina\TIVA_C-TM4C123GXL-\01_MCAL\01_GPIO\Debug\List\GPIO.map
#    Command line =  
#        H:\Embedded_Abdelrahman_Magdy\01_ARM\06_Mina\TIVA_C-TM4C123GXL-\01_MCAL\01_GPIO\Debug\Obj\GPIO_programe.o
#        H:\Embedded_Abdelrahman_Magdy\01_ARM\06_Mina\TIVA_C-TM4C123GXL-\01_MCAL\01_GPIO\Debug\Obj\main.o
#        -o
#        H:\Embedded_Abdelrahman_Magdy\01_ARM\06_Mina\TIVA_C-TM4C123GXL-\01_MCAL\01_GPIO\Debug\Exe\GPIO.out
#        --redirect _Printf=_PrintfFull --redirect _Scanf=_ScanfFull --map
#        H:\Embedded_Abdelrahman_Magdy\01_ARM\06_Mina\TIVA_C-TM4C123GXL-\01_MCAL\01_GPIO\Debug\List\GPIO.map
#        --config "C:\Program Files (x86)\IAR Systems\Embedded Workbench
#        7.5\arm\config\linker\TexasInstruments\TM4C123GH6.icf" --semihosting
#        --entry __iar_program_start --vfe
#
###############################################################################

*******************************************************************************
*** RUNTIME MODEL ATTRIBUTES
***

CppFlavor       = *
__SystemLibrary = DLib


*******************************************************************************
*** PLACEMENT SUMMARY
***

"A0":  place at 0x00000000 { ro section .intvec };
"P1":  place in [from 0x00000000 to 0x0003ffff] { ro };
"P2":  place in [from 0x20000000 to 0x20007fff] { rw, block CSTACK, block HEAP };

  Section   Kind        Address    Size  Object
  -------   ----        -------    ----  ------
"A0":                              0x40
  .intvec   ro code  0x00000000    0x40  vector_table_M.o [5]
                   - 0x00000040    0x40

"P1":                             0x2a8
  .text     ro code  0x00000040   0x210  GPIO_programe.o [1]
  .text     ro code  0x00000250    0x22  main.o [1]
  .text     ro code  0x00000272     0x2  vector_table_M.o [5]
  .text     ro code  0x00000274    0x22  fpinit_M.o [4]
  .text     ro code  0x00000298    0x1a  cmain.o [5]
  .text     ro code  0x000002b2     0x4  low_level_init.o [3]
  .text     ro code  0x000002b6     0x4  exit.o [3]
  .text     ro code  0x000002bc     0xa  cexit.o [5]
  .text     ro code  0x000002c8    0x14  exit.o [6]
  .text     ro code  0x000002dc     0xc  cstartup_M.o [5]
                   - 0x000002e8   0x2a8

"P2":                            0x1000
  CSTACK             0x20000000  0x1000  <Block>
    CSTACK  uninit   0x20000000  0x1000  <Block tail>
                   - 0x20001000  0x1000



*******************************************************************************
*** MODULE SUMMARY
***

    Module            ro code  rw data
    ------            -------  -------
H:\Embedded_Abdelrahman_Magdy\01_ARM\06_Mina\TIVA_C-TM4C123GXL-\01_MCAL\01_GPIO\Debug\Obj: [1]
    GPIO_programe.o       528
    main.o                 34
    ----------------------------------
    Total:                562

command line: [2]
    ----------------------------------
    Total:

dl7M_tln.a: [3]
    exit.o                  4
    low_level_init.o        4
    ----------------------------------
    Total:                  8

m7M_tls.a: [4]
    fpinit_M.o             34
    ----------------------------------
    Total:                 34

rt7M_tl.a: [5]
    cexit.o                10
    cmain.o                26
    cstartup_M.o           12
    vector_table_M.o       66
    ----------------------------------
    Total:                114

shb_l.a: [6]
    exit.o                 20
    ----------------------------------
    Total:                 20

    Gaps                    6
    Linker created               4 096
--------------------------------------
    Grand Total:          744    4 096


*******************************************************************************
*** ENTRY LIST
***

Entry                     Address   Size  Type      Object
-----                     -------   ----  ----      ------
?main                  0x00000299         Code  Gb  cmain.o [5]
CSTACK$$Base           0x20000000          --   Gb  - Linker created -
CSTACK$$Limit          0x20001000          --   Gb  - Linker created -
MGOIP_voidSetPinALFun  0x00000183   0x9e  Code  Gb  GPIO_programe.o [1]
MGOIP_voidSetPinDir    0x00000041  0x142  Code  Gb  GPIO_programe.o [1]
Region$$Table$$Base    0x00000000          --   Gb  - Linker created -
Region$$Table$$Limit   0x00000000          --   Gb  - Linker created -
__cmain                0x00000299         Code  Gb  cmain.o [5]
__exit                 0x000002c9   0x14  Code  Gb  exit.o [6]
__iar_init_vfp         0x00000275         Code  Gb  fpinit_M.o [4]
__iar_program_start    0x000002dd         Code  Gb  cstartup_M.o [5]
__low_level_init       0x000002b3    0x4  Code  Gb  low_level_init.o [3]
__vector_table         0x00000000         Data  Gb  vector_table_M.o [5]
_call_main             0x000002a5         Code  Gb  cmain.o [5]
_exit                  0x000002bd         Code  Gb  cexit.o [5]
_main                  0x000002af         Code  Gb  cmain.o [5]
exit                   0x000002b7    0x4  Code  Gb  exit.o [3]
main                   0x00000251   0x22  Code  Gb  main.o [1]


[1] = H:\Embedded_Abdelrahman_Magdy\01_ARM\06_Mina\TIVA_C-TM4C123GXL-\01_MCAL\01_GPIO\Debug\Obj
[2] = command line
[3] = dl7M_tln.a
[4] = m7M_tls.a
[5] = rt7M_tl.a
[6] = shb_l.a

    744 bytes of readonly  code memory
  4 096 bytes of readwrite data memory

Errors: none
Warnings: none
